version https://git-lfs.github.com/spec/v1
oid sha256:1cc6f76db239cdb32fe095255a4fb6eb1bb3f6208fcde06b29175728a2ce3966
size 450
